[    0.000000] Initializing cgroup subsys cpuset
[    0.000000] Initializing cgroup subsys cpu
[    0.000000] Initializing cgroup subsys cpuacct
[    0.000000] Linux version 4.4.0-210-generic (buildd@lgw01-amd64-009) (gcc version 5.4.0 20160609 (Ubuntu 5.4.0-6ubuntu1~16.04.12) ) #242-Ubuntu SMP Fri Apr 16 09:57:56 UTC 2021 (Ubuntu 4.4.0-210.242-generic 4.4.262)
[    0.000000] Command line: BOOT_IMAGE=/boot/vmlinuz-4.4.0-210-generic root=LABEL=cloudimg-rootfs ro console=tty1 console=ttyS0
[    0.000000] KERNEL supported cpus:
[    0.000000]   Intel GenuineIntel
[    0.000000]   AMD AuthenticAMD
[    0.000000]   Centaur CentaurHauls
[    0.000000] x86/fpu: xstate_offset[2]:  576, xstate_sizes[2]:  256
[    0.000000] x86/fpu: Supporting XSAVE feature 0x01: 'x87 floating point registers'
[    0.000000] x86/fpu: Supporting XSAVE feature 0x02: 'SSE registers'
[    0.000000] x86/fpu: Supporting XSAVE feature 0x04: 'AVX registers'
[    0.000000] x86/fpu: Enabled xstate features 0x7, context size is 832 bytes, using 'standard' format.
[    0.000000] e820: BIOS-provided physical RAM map:
[    0.000000] BIOS-e820: [mem 0x0000000000000000-0x000000000009fbff] usable
[    0.000000] BIOS-e820: [mem 0x000000000009fc00-0x000000000009ffff] reserved
[    0.000000] BIOS-e820: [mem 0x00000000000f0000-0x00000000000fffff] reserved
[    0.000000] BIOS-e820: [mem 0x0000000000100000-0x000000003ffeffff] usable
[    0.000000] BIOS-e820: [mem 0x000000003fff0000-0x000000003fffffff] ACPI data
[    0.000000] BIOS-e820: [mem 0x00000000fec00000-0x00000000fec00fff] reserved
[    0.000000] BIOS-e820: [mem 0x00000000fee00000-0x00000000fee00fff] reserved
[    0.000000] BIOS-e820: [mem 0x00000000fffc0000-0x00000000ffffffff] reserved
[    0.000000] NX (Execute Disable) protection: active
[    0.000000] SMBIOS 2.5 present.
[    0.000000] Hypervisor detected: KVM
[    0.000000] e820: last_pfn = 0x3fff0 max_arch_pfn = 0x400000000
[    0.000000] MTRR: Disabled
[    0.000000] x86/PAT: MTRRs disabled, skipping PAT initialization too.
[    0.000000] CPU MTRRs all blank - virtualized system.
[    0.000000] x86/PAT: Configuration [0-7]: WB  WT  UC- UC  WB  WT  UC- UC  
[    0.000000] found SMP MP-table at [mem 0x0009fff0-0x0009ffff] mapped at [ffff88000009fff0]
[    0.000000] Scanning 1 areas for low memory corruption
[    0.000000] RAMDISK: [mem 0x362dc000-0x37165fff]
[    0.000000] ACPI: Early table checksum verification disabled
[    0.000000] ACPI: RSDP 0x00000000000E0000 000024 (v02 VBOX  )
[    0.000000] ACPI: XSDT 0x000000003FFF0030 00003C (v01 VBOX   VBOXXSDT 00000001 ASL  00000061)
[    0.000000] ACPI: FACP 0x000000003FFF00F0 0000F4 (v04 VBOX   VBOXFACP 00000001 ASL  00000061)
[    0.000000] ACPI: DSDT 0x000000003FFF0470 002325 (v02 VBOX   VBOXBIOS 00000002 INTL 20120111)
[    0.000000] ACPI: FACS 0x000000003FFF0200 000040
[    0.000000] ACPI: FACS 0x000000003FFF0200 000040
[    0.000000] ACPI: APIC 0x000000003FFF0240 00005C (v02 VBOX   VBOXAPIC 00000001 ASL  00000061)
[    0.000000] ACPI: SSDT 0x000000003FFF02A0 0001CC (v01 VBOX   VBOXCPUT 00000002 INTL 20120111)
[    0.000000] No NUMA configuration found
[    0.000000] Faking a node at [mem 0x0000000000000000-0x000000003ffeffff]
[    0.000000] NODE_DATA(0) allocated [mem 0x3ffeb000-0x3ffeffff]
[    0.000000] kvm-clock: Using msrs 4b564d01 and 4b564d00
[    0.000000] kvm-clock: cpu 0, msr 0:3ffe3001, primary cpu clock
[    0.000000] kvm-clock: using sched offset of 5018742796 cycles
[    0.000000] clocksource: kvm-clock: mask: 0xffffffffffffffff max_cycles: 0x1cd42e4dffb, max_idle_ns: 881590591483 ns
[    0.000000] Zone ranges:
[    0.000000]   DMA      [mem 0x0000000000001000-0x0000000000ffffff]
[    0.000000]   DMA32    [mem 0x0000000001000000-0x000000003ffeffff]
[    0.000000]   Normal   empty
[    0.000000]   Device   empty
[    0.000000] Movable zone start for each node
[    0.000000] Early memory node ranges
[    0.000000]   node   0: [mem 0x0000000000001000-0x000000000009efff]
[    0.000000]   node   0: [mem 0x0000000000100000-0x000000003ffeffff]
[    0.000000] Initmem setup node 0 [mem 0x0000000000001000-0x000000003ffeffff]
[    0.000000] ACPI: PM-Timer IO Port: 0x4008
[    0.000000] IOAPIC[0]: apic_id 2, version 32, address 0xfec00000, GSI 0-23
[    0.000000] ACPI: INT_SRC_OVR (bus 0 bus_irq 0 global_irq 2 dfl dfl)
[    0.000000] ACPI: INT_SRC_OVR (bus 0 bus_irq 9 global_irq 9 low level)
[    0.000000] Using ACPI (MADT) for SMP configuration information
[    0.000000] smpboot: Allowing 2 CPUs, 0 hotplug CPUs
[    0.000000] PM: Registered nosave memory: [mem 0x00000000-0x00000fff]
[    0.000000] PM: Registered nosave memory: [mem 0x0009f000-0x0009ffff]
[    0.000000] PM: Registered nosave memory: [mem 0x000a0000-0x000effff]
[    0.000000] PM: Registered nosave memory: [mem 0x000f0000-0x000fffff]
[    0.000000] e820: [mem 0x40000000-0xfebfffff] available for PCI devices
[    0.000000] Booting paravirtualized kernel on KVM
[    0.000000] clocksource: refined-jiffies: mask: 0xffffffff max_cycles: 0xffffffff, max_idle_ns: 7645519600211568 ns
[    0.000000] setup_percpu: NR_CPUS:512 nr_cpumask_bits:512 nr_cpu_ids:2 nr_node_ids:1
[    0.000000] PERCPU: Embedded 33 pages/cpu @ffff88003fc00000 s95192 r8192 d31784 u1048576
[    0.000000] Built 1 zonelists in Node order, mobility grouping on.  Total pages: 257912
[    0.000000] Policy zone: DMA32
[    0.000000] Kernel command line: BOOT_IMAGE=/boot/vmlinuz-4.4.0-210-generic root=LABEL=cloudimg-rootfs ro console=tty1 console=ttyS0
[    0.000000] PID hash table entries: 4096 (order: 3, 32768 bytes)
[    0.000000] Memory: 997792K/1048120K available (8644K kernel code, 1332K rwdata, 4044K rodata, 1492K init, 1164K bss, 50328K reserved, 0K cma-reserved)
[    0.000000] SLUB: HWalign=64, Order=0-3, MinObjects=0, CPUs=2, Nodes=1
[    0.000000] Kernel/User page tables isolation: enabled
[    0.000000] Hierarchical RCU implementation.
[    0.000000] 	Build-time adjustment of leaf fanout to 64.
[    0.000000] 	RCU restricting CPUs from NR_CPUS=512 to nr_cpu_ids=2.
[    0.000000] RCU: Adjusting geometry for rcu_fanout_leaf=64, nr_cpu_ids=2
[    0.000000] NR_IRQS:33024 nr_irqs:440 16
[    0.000000] Console: colour VGA+ 80x25
[    0.000000] console [tty1] enabled
[    0.000000] console [ttyS0] enabled
[    0.000000] tsc: Detected 3000.000 MHz processor
[    0.154066] Calibrating delay loop (skipped) preset value.. 6000.00 BogoMIPS (lpj=12000000)
[    0.156448] pid_max: default: 32768 minimum: 301
[    0.157801] ACPI: Core revision 20150930
[    0.159490] ACPI: 2 ACPI AML tables successfully acquired and loaded
[    0.161136] Security Framework initialized
[    0.162479] Yama: becoming mindful.
[    0.163425] AppArmor: AppArmor initialized
[    0.164579] Dentry cache hash table entries: 131072 (order: 8, 1048576 bytes)
[    0.167117] Inode-cache hash table entries: 65536 (order: 7, 524288 bytes)
[    0.168676] Mount-cache hash table entries: 2048 (order: 2, 16384 bytes)
[    0.170161] Mountpoint-cache hash table entries: 2048 (order: 2, 16384 bytes)
[    0.171733] Initializing cgroup subsys io
[    0.172626] Initializing cgroup subsys memory
[    0.173620] Initializing cgroup subsys devices
[    0.174616] Initializing cgroup subsys freezer
[    0.175573] Initializing cgroup subsys net_cls
[    0.176518] Initializing cgroup subsys perf_event
[    0.177619] Initializing cgroup subsys net_prio
[    0.178601] Initializing cgroup subsys hugetlb
[    0.179597] Initializing cgroup subsys pids
[    0.190870] mce: CPU supports 0 MCE banks
[    0.191770] Last level iTLB entries: 4KB 128, 2MB 8, 4MB 8
[    0.193012] Last level dTLB entries: 4KB 64, 2MB 0, 4MB 0, 1GB 4
[    0.194430] Spectre V1 : Mitigation: usercopy/swapgs barriers and __user pointer sanitization
[    0.196463] Spectre V2 : Mitigation: Full generic retpoline
[    0.197790] Spectre V2 : Spectre v2 / SpectreRSB mitigation: Filling RSB on context switch
[    0.199714] Speculative Store Bypass: Vulnerable
[    0.200769] SRBDS: Unknown: Dependent on hypervisor status
[    0.202224] MDS: Mitigation: Clear CPU buffers
[    0.205331] Freeing SMP alternatives memory: 36K
[    0.211332] ftrace: allocating 32380 entries in 127 pages
[    0.259196] smpboot: APIC(0) Converting physical 0 to logical package 0
[    0.260790] smpboot: Max logical packages: 1
[    0.262049] x2apic enabled
[    0.262961] Switched APIC routing to physical x2apic.
[    0.265109] ..TIMER: vector=0x30 apic1=0 pin1=2 apic2=-1 pin2=-1
[    0.374735] smpboot: CPU0: Intel(R) Core(TM) i5-8500 CPU @ 3.00GHz (family: 0x6, model: 0x9e, stepping: 0xa)
[    0.377369] Performance Events: unsupported p6 CPU model 158 no PMU driver, software events only.
[    0.386399] KVM setup paravirtual spinlock
[    0.388091] x86: Booting SMP configuration:
[    0.389143] .... node  #0, CPUs:      #1
[    0.390305] kvm-clock: cpu 1, msr 0:3ffe3041, secondary cpu clock
[    0.402248] mce: CPU supports 0 MCE banks
[    0.405153] x86: Booted up 1 node, 2 CPUs
[    0.406314] smpboot: Total of 2 processors activated (12000.00 BogoMIPS)
[    0.408378] devtmpfs: initialized
[    0.410631] evm: security.selinux
[    0.411523] evm: security.SMACK64
[    0.412426] evm: security.SMACK64EXEC
[    0.413308] evm: security.SMACK64TRANSMUTE
[    0.414449] evm: security.SMACK64MMAP
[    0.415454] evm: security.ima
[    0.416287] evm: security.capability
[    0.417417] clocksource: jiffies: mask: 0xffffffff max_cycles: 0xffffffff, max_idle_ns: 7645041785100000 ns
[    0.419808] futex hash table entries: 512 (order: 3, 32768 bytes)
[    0.421419] pinctrl core: initialized pinctrl subsystem
[    0.422793] RTC time: 23:40:47, date: 08/24/22
[    0.424182] NET: Registered protocol family 16
[    0.435588] cpuidle: using governor ladder
[    0.447700] cpuidle: using governor menu
[    0.449674] PCCT header not found.
[    0.451163] ACPI: bus type PCI registered
[    0.452456] acpiphp: ACPI Hot Plug PCI Controller Driver version: 0.5
[    0.454247] PCI: Using configuration type 1 for base access
[    0.468931] ACPI: Added _OSI(Module Device)
[    0.470711] ACPI: Added _OSI(Processor Device)
[    0.472268] ACPI: Added _OSI(3.0 _SCP Extensions)
[    0.473444] ACPI: Added _OSI(Processor Aggregator Device)
[    0.475407] ACPI: Executed 1 blocks of module-level executable AML code
[    0.478676] ACPI: Interpreter enabled
[    0.479696] ACPI: (supports S0 S5)
[    0.480599] ACPI: Using IOAPIC for interrupt routing
[    0.482140] PCI: Using host bridge windows from ACPI; if necessary, use "pci=nocrs" and report a bug
[    0.487724] ACPI: PCI Root Bridge [PCI0] (domain 0000 [bus 00-ff])
[    0.489157] acpi PNP0A03:00: _OSC: OS supports [ASPM ClockPM Segments MSI]
[    0.491036] acpi PNP0A03:00: _OSC: not requesting OS control; OS requires [ExtendedConfig ASPM ClockPM MSI]
[    0.493545] acpi PNP0A03:00: fail to add MMCONFIG information, can't access extended PCI configuration space under this bridge.
[    0.496466] PCI host bridge to bus 0000:00
[    0.497548] pci_bus 0000:00: root bus resource [io  0x0000-0x0cf7 window]
[    0.499227] pci_bus 0000:00: root bus resource [io  0x0d00-0xffff window]
[    0.500916] pci_bus 0000:00: root bus resource [mem 0x000a0000-0x000bffff window]
[    0.502801] pci_bus 0000:00: root bus resource [mem 0x40000000-0xfdffffff window]
[    0.504746] pci_bus 0000:00: root bus resource [bus 00-ff]
[    0.508371] pci 0000:00:01.1: legacy IDE quirk: reg 0x10: [io  0x01f0-0x01f7]
[    0.510011] pci 0000:00:01.1: legacy IDE quirk: reg 0x14: [io  0x03f6]
[    0.511775] pci 0000:00:01.1: legacy IDE quirk: reg 0x18: [io  0x0170-0x0177]
[    0.520247] pci 0000:00:01.1: legacy IDE quirk: reg 0x1c: [io  0x0376]
[    0.534641] pci 0000:00:07.0: quirk: [io  0x4000-0x403f] claimed by PIIX4 ACPI
[    0.536462] pci 0000:00:07.0: quirk: [io  0x4100-0x410f] claimed by PIIX4 SMB
[    0.544498] ACPI: PCI Interrupt Link [LNKA] (IRQs 5 9 10 *11)
[    0.546277] ACPI: PCI Interrupt Link [LNKB] (IRQs 5 9 *10 11)
[    0.548105] ACPI: PCI Interrupt Link [LNKC] (IRQs 5 *9 10 11)
[    0.549915] ACPI: PCI Interrupt Link [LNKD] (IRQs 5 9 10 *11)
[    0.551768] ACPI: Enabled 2 GPEs in block 00 to 07
[    0.553134] vgaarb: setting as boot device: PCI:0000:00:02.0
[    0.554360] vgaarb: device added: PCI:0000:00:02.0,decodes=io+mem,owns=io+mem,locks=none
[    0.556167] vgaarb: loaded
[    0.556846] vgaarb: bridge control possible 0000:00:02.0
[    0.558152] SCSI subsystem initialized
[    0.559090] ACPI: bus type USB registered
[    0.559995] usbcore: registered new interface driver usbfs
[    0.561177] usbcore: registered new interface driver hub
[    0.562370] usbcore: registered new device driver usb
[    0.564439] PCI: Using ACPI for IRQ routing
[    0.565706] NetLabel: Initializing
[    0.566508] NetLabel:  domain hash size = 128
[    0.567499] NetLabel:  protocols = UNLABELED CIPSOv4
[    0.568628] NetLabel:  unlabeled traffic allowed by default
[    0.569980] amd_nb: Cannot enumerate AMD northbridges
[    0.571193] clocksource: Switched to clocksource kvm-clock
[    0.577510] AppArmor: AppArmor Filesystem Enabled
[    0.578701] pnp: PnP ACPI init
[    0.580441] pnp: PnP ACPI: found 3 devices
[    0.590830] clocksource: acpi_pm: mask: 0xffffff max_cycles: 0xffffff, max_idle_ns: 2085701024 ns
[    0.592987] NET: Registered protocol family 2
[    0.594118] TCP established hash table entries: 8192 (order: 4, 65536 bytes)
[    0.595734] TCP bind hash table entries: 8192 (order: 5, 131072 bytes)
[    0.597225] TCP: Hash tables configured (established 8192 bind 8192)
[    0.598669] UDP hash table entries: 512 (order: 2, 16384 bytes)
[    0.600039] UDP-Lite hash table entries: 512 (order: 2, 16384 bytes)
[    0.601459] NET: Registered protocol family 1
[    0.602503] pci 0000:00:00.0: Limiting direct PCI/PCI transfers
[    0.603887] pci 0000:00:01.0: Activating ISA DMA hang workarounds
[    0.605557] Unpacking initramfs...
[    0.774316] Freeing initrd memory: 14888K
[    0.775547] clocksource: tsc: mask: 0xffffffffffffffff max_cycles: 0x2b3e459bf4c, max_idle_ns: 440795289890 ns
[    0.777971] platform rtc_cmos: registered platform RTC device (no PNP device found)
[    0.779978] Scanning for low memory corruption every 60 seconds
[    0.781638] audit: initializing netlink subsys (disabled)
[    0.782845] audit: type=2000 audit(1661384454.438:1): initialized
[    0.784467] Initialise system trusted keyring
[    0.785771] HugeTLB registered 2 MB page size, pre-allocated 0 pages
[    0.788325] zbud: loaded
[    0.789325] VFS: Disk quotas dquot_6.6.0
[    0.790349] VFS: Dquot-cache hash table entries: 512 (order 0, 4096 bytes)
[    0.792181] squashfs: version 4.0 (2009/01/31) Phillip Lougher
[    0.793775] fuse init (API version 7.23)
[    0.794930] Key type big_key registered
[    0.796043] Allocating IMA MOK and blacklist keyrings.
[    0.798932] Key type asymmetric registered
[    0.800067] Asymmetric key parser 'x509' registered
[    0.801166] Block layer SCSI generic (bsg) driver version 0.4 loaded (major 249)
[    0.802912] io scheduler noop registered
[    0.803979] io scheduler deadline registered (default)
[    0.805243] io scheduler cfq registered
[    0.806257] pci_hotplug: PCI Hot Plug PCI Core version: 0.5
[    0.807587] pciehp: PCI Express Hot Plug Controller Driver version: 0.4
[    0.809096] ACPI: AC Adapter [AC] (on-line)
[    0.810180] input: Power Button as /devices/LNXSYSTM:00/LNXPWRBN:00/input/input0
[    0.812068] ACPI: Power Button [PWRF]
[    0.812985] input: Sleep Button as /devices/LNXSYSTM:00/LNXSLPBN:00/input/input1
[    0.814653] ACPI: Sleep Button [SLPF]
[    0.815757] GHES: HEST is not enabled!
[    0.816776] Serial: 8250/16550 driver, 32 ports, IRQ sharing enabled
[    0.838896] 00:02: ttyS0 at I/O 0x3f8 (irq = 4, base_baud = 115200) is a 16550A
[    0.841671] Linux agpgart interface v0.103
[    0.844094] loop: module loaded
[    0.845399] scsi host0: ata_piix
[    0.846422] scsi host1: ata_piix
[    0.847283] ata1: PATA max UDMA/33 cmd 0x1f0 ctl 0x3f6 bmdma 0xd000 irq 14
[    0.848976] ata2: PATA max UDMA/33 cmd 0x170 ctl 0x376 bmdma 0xd008 irq 15
[    0.850641] libphy: Fixed MDIO Bus: probed
[    0.852084] tun: Universal TUN/TAP device driver, 1.6
[    0.853258] tun: (C) 1999-2004 Max Krasnyansky <maxk@qualcomm.com>
[    0.854711] PPP generic driver version 2.4.2
[    0.855814] ehci_hcd: USB 2.0 'Enhanced' Host Controller (EHCI) Driver
[    0.857307] ehci-pci: EHCI PCI platform driver
[    0.858384] ehci-platform: EHCI generic platform driver
[    0.859688] ohci_hcd: USB 1.1 'Open' Host Controller (OHCI) Driver
[    0.861058] ohci-pci: OHCI PCI platform driver
[    0.862168] ohci-platform: OHCI generic platform driver
[    0.863375] uhci_hcd: USB Universal Host Controller Interface driver
[    0.864955] i8042: PNP: PS/2 Controller [PNP0303:PS2K,PNP0f03:PS2M] at 0x60,0x64 irq 1,12
[    0.867357] serio: i8042 KBD port at 0x60,0x64 irq 1
[    0.868660] serio: i8042 AUX port at 0x60,0x64 irq 12
[    0.870136] mousedev: PS/2 mouse device common for all mice
[    0.872229] rtc_cmos rtc_cmos: rtc core: registered rtc_cmos as rtc0
[    0.873850] rtc_cmos rtc_cmos: alarms up to one day, 114 bytes nvram
[    0.875478] i2c /dev entries driver
[    0.876557] device-mapper: uevent: version 1.0.3
[    0.877864] input: AT Translated Set 2 keyboard as /devices/platform/i8042/serio0/input/input2
[    0.880251] device-mapper: ioctl: 4.34.0-ioctl (2015-10-28) initialised: dm-devel@redhat.com
[    0.882755] ledtrig-cpu: registered to indicate activity on CPUs
[    0.884804] NET: Registered protocol family 10
[    0.886055] NET: Registered protocol family 17
[    0.887157] Key type dns_resolver registered
[    0.888428] registered taskstats version 1
[    0.889405] Loading compiled-in X.509 certificates
[    0.890899] Loaded X.509 cert 'Build time autogenerated kernel key: cf00e047681d67edb2720680708b7d9498083038'
[    0.893278] zswap: loaded using pool lzo/zbud
[    0.895868] Key type trusted registered
[    0.899651] Key type encrypted registered
[    0.900630] AppArmor: AppArmor sha1 policy hashing enabled
[    0.901900] ima: No TPM chip found, activating TPM-bypass!
[    0.903126] ima: Allocated hash algorithm: sha1
[    0.904275] evm: HMAC attrs: 0x1
[    0.905503]   Magic number: 2:391:707
[    0.906628] rtc_cmos rtc_cmos: setting system clock to 2022-08-24 23:40:47 UTC (1661384447)
[    0.908918] BIOS EDD facility v0.16 2004-Jun-25, 0 devices found
[    0.910291] EDD information not available.
[    1.026814] Freeing unused kernel memory: 1492K
[    1.028053] Write protecting the kernel read-only data: 14336k
[    1.029816] Freeing unused kernel memory: 1584K
[    1.031117] Freeing unused kernel memory: 52K
Loading, please wait...
starting version 229
[    1.044058] random: systemd-udevd: uninitialized urandom read (16 bytes read, 3 bits of entropy available)
[    1.045344] random: udevadm: uninitialized urandom read (16 bytes read, 3 bits of entropy available)
[    1.045367] random: udevadm: uninitialized urandom read (16 bytes read, 3 bits of entropy available)
[    1.051814] random: systemd-udevd: uninitialized urandom read (16 bytes read, 3 bits of entropy available)
[    1.054167] random: systemd-udevd: uninitialized urandom read (16 bytes read, 3 bits of entropy available)
[    1.056897] random: systemd-udevd: uninitialized urandom read (16 bytes read, 3 bits of entropy available)
[    1.058932] random: udevadm: uninitialized urandom read (16 bytes read, 3 bits of entropy available)
[    1.058970] random: udevadm: uninitialized urandom read (16 bytes read, 3 bits of entropy available)
[    1.059072] random: udevadm: uninitialized urandom read (16 bytes read, 3 bits of entropy available)
[    1.059115] random: udevadm: uninitialized urandom read (16 bytes read, 3 bits of entropy available)
[    1.100900] e1000: Intel(R) PRO/1000 Network Driver - version 7.3.21-k8-NAPI
[    1.102535] e1000: Copyright (c) 1999-2006 Intel Corporation.
[    1.106279] Fusion MPT base driver 3.04.20
[    1.107508] Copyright (c) 1999-2008 LSI Corporation
[    1.122345] Fusion MPT SPI Host driver 3.04.20
[    1.125276] AVX2 version of gcm_enc/dec engaged.
[    1.126621] AES CTR mode by8 optimization enabled
[    1.333774] input: ImExPS/2 Generic Explorer Mouse as /devices/platform/i8042/serio1/input/input4
[    1.773389] e1000 0000:00:03.0 eth0: (PCI:33MHz:32-bit) 02:be:82:6b:cc:1d
[    1.774931] e1000 0000:00:03.0 eth0: Intel(R) PRO/1000 Network Connection
[    1.777262] mptbase: ioc0: Initiating bringup
[    2.584271] ioc0: LSI53C1030 A0: Capabilities={Initiator}
[    5.014802] scsi host2: ioc0: LSI53C1030 A0, FwRev=00000000h, Ports=1, MaxQ=256, IRQ=20
[    7.851936] scsi 2:0:0:0: Direct-Access     VBOX     HARDDISK         1.0  PQ: 0 ANSI: 5
[    7.855404] scsi target2:0:0: Beginning Domain Validation
[    7.860660] scsi target2:0:0: Domain Validation skipping write tests
[    7.863011] scsi target2:0:0: Ending Domain Validation
[    7.865065] scsi target2:0:0: asynchronous
[    7.867715] scsi 2:0:1:0: Direct-Access     VBOX     HARDDISK         1.0  PQ: 0 ANSI: 5
[    7.870846] scsi target2:0:1: Beginning Domain Validation
[    7.875287] scsi target2:0:1: Domain Validation skipping write tests
[    7.877575] scsi target2:0:1: Ending Domain Validation
[    7.879659] scsi target2:0:1: asynchronous
[    7.955737] sd 2:0:0:0: Attached scsi generic sg0 type 0
[    7.955936] sd 2:0:0:0: [sda] 83886080 512-byte logical blocks: (42.9 GB/40.0 GiB)
[    7.956191] sd 2:0:0:0: [sda] Write Protect is off
[    7.956353] sd 2:0:0:0: [sda] Incomplete mode parameter data
[    7.956354] sd 2:0:0:0: [sda] Assuming drive cache: write through
[    7.974720] sd 2:0:1:0: Attached scsi generic sg1 type 0
[    7.977398] sd 2:0:1:0: [sdb] 20480 512-byte logical blocks: (10.5 MB/10.0 MiB)
[    7.980728] sd 2:0:1:0: [sdb] Write Protect is off
[    7.982888] sd 2:0:1:0: [sdb] Incomplete mode parameter data
[    7.985612] sd 2:0:1:0: [sdb] Assuming drive cache: write through
[    7.988030]  sda: sda1
[    7.990110] sd 2:0:0:0: [sda] Attached SCSI disk
[    7.999184] sd 2:0:1:0: [sdb] Attached SCSI disk
[    8.235288] e1000 0000:00:08.0 eth1: (PCI:33MHz:32-bit) 08:00:27:cb:26:47
[    8.238156] e1000 0000:00:08.0 eth1: Intel(R) PRO/1000 Network Connection
[    8.241946] e1000 0000:00:03.0 enp0s3: renamed from eth0
[    8.255470] e1000 0000:00:08.0 enp0s8: renamed from eth1
Begin: Loading essential drivers ... [   10.148591] md: linear personality registered for level -1
[   10.152921] md: multipath personality registered for level -4
[   10.157244] md: raid0 personality registered for level 0
[   10.162527] md: raid1 personality registered for level 1
[   10.235466] raid6: sse2x1   gen() 13169 MB/s
[   10.303552] raid6: sse2x1   xor() 10253 MB/s
[   10.371458] raid6: sse2x2   gen() 16529 MB/s
[   10.439227] raid6: sse2x2   xor() 10921 MB/s
[   10.510619] raid6: sse2x4   gen() 20088 MB/s
[   10.581685] raid6: sse2x4   xor() 12091 MB/s
[   10.650649] raid6: avx2x1   gen() 24961 MB/s
[   10.719833] raid6: avx2x2   gen() 31849 MB/s
[   10.788102] raid6: avx2x4   gen() 35161 MB/s
[   10.789122] raid6: using algorithm avx2x4 gen() 35161 MB/s
[   10.790447] raid6: using avx2x2 recovery algorithm
[   10.792426] xor: automatically using best checksumming function:
[   10.831421]    avx       : 26100.000 MB/sec
[   10.833379] async_tx: api initialized (async)
[   10.843312] md: raid6 personality registered for level 6
[   10.844673] md: raid5 personality registered for level 5
[   10.845889] md: raid4 personality registered for level 4
[   10.851178] md: raid10 personality registered for level 10
done.
Begin: Running /scripts/init-premount ... done.
Begin: Mounting root file system ... Begin: Running /scripts/local-top ... done.
Begin: Running /scripts/local-premount ... [   10.876488] Btrfs loaded
Scanning for Btrfs filesystems
done.
Warning: fsck not present, so skipping root file system
[   10.953857] EXT4-fs (sda1): mounted filesystem with ordered data mode. Opts: (null)
done.
Begin: Running /scripts/local-bottom ... done.
Begin: Running /scripts/init-bottom ... done.
[   11.366763] systemd[1]: systemd 229 running in system mode. (+PAM +AUDIT +SELINUX +IMA +APPARMOR +SMACK +SYSVINIT +UTMP +LIBCRYPTSETUP +GCRYPT +GNUTLS +ACL +XZ -LZ4 +SECCOMP +BLKID +ELFUTILS +KMOD -IDN)
[   11.373462] systemd[1]: Detected virtualization oracle.
[   11.375395] systemd[1]: Detected architecture x86-64.

Welcome to [1mUbuntu 16.04.7 LTS[0m!

[   11.406342] systemd[1]: Set hostname to <admin>.
[   11.946601] systemd[1]: Listening on udev Control Socket.
[[0;32m  OK  [0m] Listening on udev Control Socket.
[   11.955637] systemd[1]: Reached target Swap.
[[0;32m  OK  [0m] Reached target Swap.
[   11.958223] systemd[1]: Started Trigger resolvconf update for networkd DNS.
[[0;32m  OK  [0m] Started Trigger resolvconf update for networkd DNS.
[   11.967463] systemd[1]: Listening on LVM2 poll daemon socket.
[[0;32m  OK  [0m] Listening on LVM2 poll daemon socket.
[   11.975448] systemd[1]: Listening on LVM2 metadata daemon socket.
[[0;32m  OK  [0m] Listening on LVM2 metadata daemon socket.
[   11.984130] systemd[1]: Created slice User and Session Slice.
[[0;32m  OK  [0m] Created slice User and Session Slice.
[   11.991669] systemd[1]: Reached target User and Group Name Lookups.
[[0;32m  OK  [0m] Reached target User and Group Name Lookups.
[   12.000162] systemd[1]: Listening on /dev/initctl Compatibility Named Pipe.
[[0;32m  OK  [0m] Listening on /dev/initctl Compatibility Named Pipe.
[   12.011591] systemd[1]: Listening on Device-mapper event daemon FIFOs.
[[0;32m  OK  [0m] Listening on Device-mapper event daemon FIFOs.
[   12.019482] systemd[1]: Set up automount Arbitrary Executable File Formats File System Automount Point.
[[0;32m  OK  [0m] Set up automount Arbitrary Executab...ats File System Automount Point.
[   12.031975] systemd[1]: Listening on Journal Socket (/dev/log).
[[0;32m  OK  [0m] Listening on Journal Socket (/dev/log).
[   12.043459] systemd[1]: Listening on fsck to fsckd communication Socket.
[[0;32m  OK  [0m] Listening on fsck to fsckd communication Socket.
[   12.051456] systemd[1]: Started Forward Password Requests to Wall Directory Watch.
[[0;32m  OK  [0m] Started Forward Password Requests to Wall Directory Watch.
[   12.059564] systemd[1]: Listening on udev Kernel Socket.
[[0;32m  OK  [0m] Listening on udev Kernel Socket.
[   12.067435] systemd[1]: Reached target Encrypted Volumes.
[[0;32m  OK  [0m] Reached target Encrypted Volumes.
[   12.075453] systemd[1]: Listening on Journal Socket.
[[0;32m  OK  [0m] Listening on Journal Socket.
[   12.083607] systemd[1]: Listening on Syslog Socket.
[[0;32m  OK  [0m] Listening on Syslog Socket.
[   12.091738] systemd[1]: Reached target System Time Synchronized.
[[0;32m  OK  [0m] Reached target System Time Synchronized.
[   12.100415] systemd[1]: Created slice System Slice.
[[0;32m  OK  [0m] Created slice System Slice.
[   12.123840] systemd[1]: Starting Create list of required static device nodes for the current kernel...
         Starting Create list of required st... nodes for the current kernel...
[   12.136153] systemd[1]: Mounting Debug File System...
         Mounting Debug File System...
[   12.144408] systemd[1]: Mounting Huge Pages File System...
         Mounting Huge Pages File System...
[   12.158346] systemd[1]: Starting Load Kernel Modules...
         Starting Load Kernel Modules...
[   12.172236] systemd[1]: Created slice system-serial\x2dgetty.slice.
[[0;32m  OK  [0m] Created slice system-serial\x2dgetty.slice.
[   12.192978] Loading iSCSI transport class v2.0-870.
[   12.195424] systemd[1]: Starting File System Check on Root Device...
         Starting File System Check on Root Device...
[   12.199861] systemd[1]: Starting Set console keymap...
         Starting Set console keymap...
[   12.207194] iscsi: registered transport (tcp)
[   12.211449] systemd[1]: Reached target Slices.
[[0;32m  OK  [0m] Reached target Slices.
[   12.219792] systemd[1]: Starting Monitoring of LVM2 mirrors, snapshots etc. using dmeventd or progress polling...
         Starting Monitoring of LVM2 mirrors... dmeventd or progress polling...
[   12.226481] systemd[1]: Starting Nameserver information manager...
         Starting Nameserver information manager...
[   12.239861] systemd[1]: Starting Uncomplicated firewall...
         Starting Uncomplicated firewall...
[   12.243092] systemd[1]: Mounting POSIX Message Queue File System...
         Mounting POSIX Message Queue File System...
[   12.251444] systemd[1]: Listening on Journal Audit Socket.
[[0;32m  OK  [0m] Listening on Journal Audit Socket.
[   12.283537] systemd[1]: Starting Journal Service...
         Starting Journal Service...
[   12.288077] systemd[1]: Mounted Huge Pages File System.
[   12.288092] iscsi: registered transport (iser)
[[0;32m  OK  [0m] Mounted Huge Pages File System.
[   12.292139] systemd[1]: Mounted POSIX Message Queue File System.
[[0;32m  OK  [0m] Mounted POSIX Message Queue File System.
[   12.294841] systemd[1]: Mounted Debug File System.
[[0;32m  OK  [0m] Mounted Debug File System.
[   12.297456] systemd[1]: Started Create list of required static device nodes for the current kernel.
[[0;32m  OK  [0m] Started Create list of required sta...ce nodes for the current kernel.
[   12.302051] systemd[1]: Started Load Kernel Modules.
[[0;32m  OK  [0m] Started Load Kernel Modules.
[   12.304796] systemd[1]: Started File System Check on Root Device.
[[0;32m  OK  [0m] Started File System Check on Root Device.
[   12.307987] systemd[1]: Started Set console keymap.
[[0;32m  OK  [0m] Started Set console keymap.
[   12.310963] systemd[1]: Started Uncomplicated firewall.
[[0;32m  OK  [0m] Started Uncomplicated firewall.
[   12.315918] systemd[1]: Started LVM2 metadata daemon.
[[0;32m  OK  [0m] Started LVM2 metadata daemon.
[   12.319025] systemd[1]: Started File System Check Daemon to report status.
[[0;32m  OK  [0m] Started File System Check Daemon to report status.[   12.321961] random: nonblocking pool is initialized

[   12.323782] systemd[1]: Starting Remount Root and Kernel File Systems...
         Starting Remount Root and Kernel File Systems...
[   12.328092] systemd[1]: Mounting FUSE Control File System...
         Mounting FUSE Control File System...
[   12.331749] EXT4-fs (sda1): re-mounted. Opts: (null)
[   12.339806] systemd[1]: Starting Apply Kernel Variables...
         Starting Apply Kernel Variables...
[   12.343143] systemd[1]: Starting Create Static Device Nodes in /dev...
         Starting Create Static Device Nodes in /dev...
[   12.347005] systemd[1]: Mounted FUSE Control File System.
[[0;32m  OK  [0m] Mounted FUSE Control File System.
[   12.349672] systemd[1]: Started Nameserver information manager.
[[0;32m  OK  [0m] Started Nameserver information manager.
[   12.353553] systemd[1]: Started Remount Root and Kernel File Systems.
[[0;32m  OK  [0m] Started Remount Root and Kernel File Systems.
[   12.356603] systemd[1]: Started Journal Service.
[[0;32m  OK  [0m] Started Journal Service.
         Starting udev Coldplug all Devices...
         Starting Flush Journal to Persistent Storage...
         Starting Load/Save Random Seed...
[[0;32m  OK  [0m] Started Apply Kernel Variables.
[[0;32m  OK  [0m] Started Load/Save Random Seed.
[[0;32m  OK  [0m] Started Flush Journal to Persistent Storage.
[[0;32m  OK  [0m] Started udev Coldplug all Devices.
[[0;32m  OK  [0m] Started Create Static Device Nodes in /dev.
         Starting udev Kernel Device Manager...
[[0;32m  OK  [0m] Started udev Kernel Device Manager.
[[0;32m  OK  [0m] Started Dispatch Password Requests to Console Directory Watch.
[[0;32m  OK  [0m] Found device /dev/ttyS0.
[[0;32m  OK  [0m] Listening on Load/Save RF Kill Switch Status /dev/rfkill Watch.
[[0;32m  OK  [0m] Started Monitoring of LVM2 mirrors,...ng dmeventd or progress polling.
[[0;32m  OK  [0m] Reached target Local File Systems (Pre).
[[0;32m  OK  [0m] Reached target Local File Systems.
         Starting LSB: AppArmor initialization...
         Starting Create Volatile Files and Directories...
         Starting Initial cloud-init job (pre-networking)...
         Starting Set console font and keymap...
         Starting Tell Plymouth To Write Out Runtime Data...
[[0;32m  OK  [0m] Started Create Volatile Files and Directories.
         Starting Update UTMP about System Boot/Shutdown...
[[0;32m  OK  [0m] Started Tell Plymouth To Write Out Runtime Data.
[[0;32m  OK  [0m] Found device 82540EM Gigabit Ethern...r (PRO/1000 MT Desktop Adapter).
[[0;32m  OK  [0m] Started Update UTMP about System Boot/Shutdown.
[[0;32m  OK  [0m] Found device 82540EM Gigabit Ethern...r (PRO/1000 MT Desktop Adapter).
[[0;32m  OK  [0m] Started Set console font and keymap.
[[0;32m  OK  [0m] Created slice system-getty.slice.
[[0;32m  OK  [0m] Started LSB: AppArmor initialization.
         Starting Load AppArmor profiles managed internally by snapd...
[[0;32m  OK  [0m] Started Load AppArmor profiles managed internally by snapd.
[   14.537245] cloud-init[617]: Cloud-init v. 21.1-19-gbad84ad4-0ubuntu1~16.04.2 running 'init-local' at Wed, 24 Aug 2022 23:41:00 +0000. Up 14.21 seconds.
[[0;32m  OK  [0m] Started Initial cloud-init job (pre-networking).
[[0;32m  OK  [0m] Reached target Network (Pre).
[[0;32m  OK  [0m] Started ifup for enp0s3.
[[0;32m  OK  [0m] Started ifup for enp0s8.
         Starting Raise network interfaces...
[[0;32m  OK  [0m] Started Raise network interfaces.
         Starting Initial cloud-init job (metadata service crawler)...
[[0;32m  OK  [0m] Reached target Network.
[   15.175491] cloud-init[1078]: Cloud-init v. 21.1-19-gbad84ad4-0ubuntu1~16.04.2 running 'init' at Wed, 24 Aug 2022 23:41:01 +0000. Up 14.92 seconds.
[   15.184880] cloud-init[1078]: ci-info: ++++++++++++++++++++++++++++++++++++++Net device info+++++++++++++++++++++++++++++++++++++++
[   15.192871] cloud-init[1078]: ci-info: +--------+------+-----------------------------+---------------+--------+-------------------+
[   15.194520] cloud-init[1078]: ci-info: | Device |  Up  |           Address           |      Mask     | Scope  |     Hw-Address    |
[   15.196268] cloud-init[1078]: ci-info: +--------+------+-----------------------------+---------------+--------+-------------------+
[   15.204850] cloud-init[1078]: ci-info: | enp0s3 | True |          10.0.2.15          | 255.255.255.0 | global | 02:be:82:6b:cc:1d |
[   15.212932] cloud-init[1078]: ci-info: | enp0s3 | True |  fe80::be:82ff:fe6b:cc1d/64 |       .       |  link  | 02:be:82:6b:cc:1d |
[[0;32m  OK  [0m] Started Initial cloud-init job (metadata service crawler).
[[0;32m  OK  [0m] Reached target Network is Online.
[   15.223469] cloud-init[1078]: ci-info: | enp0s8 | True |         192.168.2.13        | 255.255.255.0 | global | 08:00:27:cb:26:47 |
[   15.243930] cloud-init[1078]: ci-info: | enp0s8 | True | fe80::a00:27ff:fecb:2647/64 |       .       |  link  | 08:00:27:cb:26:47 |
[   15.245523] cloud-init[1078]: ci-info: |   lo   | True |          127.0.0.1          |   255.0.0.0   |  host  |         .         |
[   15.246882] cloud-init[1078]: ci-info: |   lo   | True |           ::1/128           |       .       |  host  |         .         |
[   15.248418] cloud-init[1078]: ci-info: +--------+------+-----------------------------+---------------+--------+-------------------+
[   15.249675] cloud-init[1078]: ci-info: +++++++++++++++++++++++++++Route IPv4 info++++++++++++++++++++++++++++
[   15.256577] cloud-init[1078]: ci-info: +-------+-------------+----------+---------------+-----------+-------+
[   15.256796]          cloud-initStarting iSCSI initiator daemon (iscsid)...[1078]: 
ci-info: | Route | Destination | Gateway  |    Genmask    | Interface | Flags |
[   15.259616] cloud-init[1078]: ci-info: +-------+-------------+----------+---------------+-----------+-------+
[   15.259827] cloud-init[1078]: ci-info: |   0   |   0.0.0.0   | 10.0.2.2 |    0.0.0.0    |   enp0s3  |   UG  |
[   15.261589] [[0;32m  OK  [0m] Reached target Cloud-config availability.
cloud-init[1078]: ci-info: |   1   |   10.0.2.0  | 0.0.0.0  | 255.255.255.0 |   enp0s3  |   U   |
[   15.268970] cloud-init[1078]: ci-info: |   2   | 192.168.2.0 | 0.0.0.0  | 255.255.255.0 |   enp0s8  |   U   |
[   15.269376] cloud-init[1078]: ci-info: +-------+-------------+----------+---------------+-----------+-------+
[   15.269767] cloud-init[1078]: ci-info: +++++++++++++++++++Route IPv6 info+++++++++++++++++++
[[0;32m  OK  [0m] Reached target System Initialization.
[   15.269803] cloud-init[1078]: ci-info: +-------+-------------+---------+-----------+-------+
[   15.275504] cloud-init[1078]: ci-info: | Route | Destination | Gateway | Interface | Flags |
[   15.276985] cloud-init[1078]: ci-info: +-------+-------------+---------+-----------+-------+
[   15.278260] cloud-init[1078]: ci-info: |   0   |  fe80::/64  |    ::   |   enp0s8  |   U   |
[   15.284459] cloud-init[1078]: ci-info: |   1   |  fe80::/64  |    ::   |   enp0s3  |   U   |
[   15.285552] cloud-init[1078]: ci-info: |   4   |   ff00::/8  |    ::   |   enp0s8  |   U   |
[   15.286778] cloud-init[1078]: ci-info: |   5   |   ff00::/8  |    ::   |   enp0s3  |   U   |
[[   15.286961] [0;32m  OK  [0mcloud-init] [1078]: Started Daily apt download activities.ci-info: +-------+-------------+---------+-----------+-------+

[[0;32m  OK  [0m] Listening on D-Bus System Message Bus Socket.
[[0;32m  OK  [0m] Started Daily Cleanup of Temporary Directories.
         Starting Socket activation for snappy daemon.
[[0;32m  OK  [0m] Started ACPI Events Check.
[[0;32m  OK  [0m] Reached target Paths.
[[0;32m  OK  [0m] Listening on ACPID Listen Socket.
         Starting LXD - unix socket.
[[0;32m  OK  [0m] Started Ubuntu Advantage update messaging.
[[0;32m  OK  [0m] Started Message of the Day.
[[0;32m  OK  [0m] Listening on UUID daemon activation socket.
[[0;32m  OK  [0m] Started Daily apt upgrade and clean activities.
[[0;32m  OK  [0m] Reached target Timers.
[[0;32m  OK  [0m] Listening on Socket activation for snappy daemon.
[[0;32m  OK  [0m] Listening on LXD - unix socket.
[[0;32m  OK  [0m] Reached target Sockets.
[[0;32m  OK  [0m] Reached target Basic System.
[[0;32m  OK  [0m] Started ACPI event daemon.
[[0;32m  OK  [0m] Started Regular background program processing daemon.
[[0;32m  OK  [0m] Started Deferred execution scheduler.
         Starting Login Service...
         Starting OpenBSD Secure Shell server...
         Starting Virtualbox guest utils...
         Starting System Logging Service...
[[0;32m  OK  [0m] Started D-Bus System Message Bus.
[[0;32m  OK  [0m] Started FUSE filesystem for LXC.
         Starting Accounts Service...
         Starting LSB: MD monitoring daemon...
         Starting /etc/rc.local Compatibility...
         Starting LSB: Record successful boot for GRUB...
         Starting LXD - container startup/shutdown...
         Starting Snap Daemon...
[[0;32m  OK  [0m] Started System Logging Service.
[[0;32m  OK  [0m] Started iSCSI initiator daemon (iscsid).
[[0;32m  OK  [0m] Started /etc/rc.local Compatibility.
         Starting Login to default iSCSI targets...
[[0;32m  OK  [0m] Started OpenBSD Secure Shell server.
[[0;32m  OK  [0m] Started Login Service.
[[0;32m  OK  [0m] Started Unattended Upgrades Shutdown.
[[0;32m  OK  [0m] Started LSB: Record successful boot for GRUB.
[[0;32m  OK  [0m] Started LSB: MD monitoring daemon.
[[0;32m  OK  [0m] Started Login to default iSCSI targets.
[[0;32m  OK  [0m] Reached target Remote File Systems (Pre).
[[0;32m  OK  [0m] Reached target Remote File Systems.
         Starting LSB: Set the CPU Frequency Scaling governor to "ondemand"...
         Starting LSB: Apache2 web server...
         Starting LSB: automatic crash report generation...
         Starting LSB: daemon to balance interrupts for SMP systems...
         Starting Permit User Sessions...
[[0;32m  OK  [0m] Started LSB: Set the CPU Frequency Scaling governor to "ondemand".
[[0;32m  OK  [0m] Started Permit User Sessions.
         Starting Terminate Plymouth Boot Screen...
         Starting Hold until boot process finishes up...
[[0;32m  OK  [0m] Started Hold until boot process finishes up.
         Starting Set console scheme...
[[0;32m  OK  [0m] Started Serial Getty on ttyS0.
[[0;32m  OK  [0m] Started Getty on tty1.
[[0;32m  OK  [0m] Reached target Login Prompts.
[[0;32m  OK  [0m] Started Terminate Plymouth Boot Screen.
[[0;32m  OK  [0m] Started Set console scheme.
[[0;32m  OK  [0m] Started LSB: daemon to balance interrupts for SMP systems.
[[0;32m  OK  [0m] Started LSB: automatic crash report generation.
[[0;32m  OK  [0m] Started Virtualbox guest utils.
         Starting Authenticate and Authorize Users to Run Privileged Tasks...
[[0;32m  OK  [0m] Started Authenticate and Authorize Users to Run Privileged Tasks.
[[0;32m  OK  [0m] Started Accounts Service.
[[0;32m  OK  [0m] Started LXD - container startup/shutdown.
[[0;32m  OK  [0m] Started Snap Daemon.
         Starting Wait until snapd is fully seeded...
[[0;32m  OK  [0m] Started Wait until snapd is fully seeded.
         Starting Apply the settings specified in cloud-config...
[[0;32m  OK  [0m] Created slice User Slice of vagrant.
         Starting User Manager for UID 1000...
[[0;32m  OK  [0m] Started Session 1 of user vagrant.
[   17.137820] cloud-init[1350]: Cloud-init v. 21.1-19-gbad84ad4-0ubuntu1~16.04.2 running 'modules:config' at Wed, 24 Aug 2022 23:41:03 +0000. Up 17.04 seconds.
[[0;32m  OK  [0m] Started User Manager for UID 1000.
[[0;32m  OK           Stopping Session 2 of user vagrant.
         Stopping Authenticate and Authorize Users to Run Privileged Tasks...
         Stopping User Manager for UID 1000...
[[0;32m  OK  [0m] Stopped target Cloud-init target.
         Stopping ACPI event daemon...
[[0;32m  OK  [0m] Stopped target Graphical Interface.
         Stopping Accounts Service...
[[0;32m  OK  [0m] Stopped target Timers.
[[0;32m  OK  [0m] Stopped Message of the Day.
[[0;32m  OK  [0m] Stopped Daily Cleanup of Temporary Directories.
[[0;32m  OK  [0m] Stopped Ubuntu Advantage update messaging.
[[0;32m  OK  [0m] Stopped Daily apt upgrade and clean activities.
[[0;32m  OK  [0m] Closed Load/Save RF Kill Switch Status /dev/rfkill Watch.
[[0;32m  OK  [0m] Stopped Execute cloud user/final scripts.
[[0;32m  OK  [0m] Stopped Apply the settings specified in cloud-config.
[[0;32m  OK  [0m] Stopped target Cloud-config availability.
[[0;32m  OK  [0m] Stopped target Multi-User System.
         Stopping Unattended Upgrades Shutdown...
         Stopping LSB: Apache2 web server...
         Stopping LXD - container startup/shutdown...
         Stopping FUSE filesystem for LXC...
         Stopping LSB: automatic crash report generation...
         Stopping Virtualbox guest utils...
         Stopping OpenBSD Secure Shell server...
         Stopping System Logging Service...
[[0;32m  OK  [0m] Stopped target Login Prompts.
         Stopping Getty on tty1...
         Stopping Serial Getty on ttyS0...
         Stopping D-Bus System Message Bus...
         Stopping LSB: MD monitoring daemon...
         Stopping LSB: daemon to balance interrupts for SMP systems...
         Stopping Deferred execution scheduler...
         Stopping LSB: Record successful boot for GRUB...
         Stopping LSB: Set the CPU Frequency Scaling governor to "ondemand"...
         Stopping Regular background program processing daemon...
[[0;32m  OK  [0m] Stopped Wait until snapd is fully seeded.
[[0;32m  OK  [0m] Stopped Daily apt download activities.
[[0;32m  OK  [0m] Stopped target System Time Synchronized.
[[0;32m  OK  [0m] Unmounted /var/lib/lxcfs.
[[0;32m  OK  [0m] Stopped System Logging Service.
[[0;32m  OK  [0m] Stopped Regular background program processing daemon.
[[0;32m  OK  [0m] Stopped ACPI event daemon.
[[0;32m  OK  [0m] Stopped Accounts Service.
[[0;32m  OK  [0m] Stopped Deferred execution scheduler.
[[0;32m  OK  [0m] Stopped Unattended Upgrades Shutdown.
[[0;32m  OK  [0m] Stopped Authenticate and Authorize Users to Run Privileged Tasks.
[[0;32m  OK  [0m] Stopped OpenBSD Secure Shell server.
[[0;32m  OK  [0m] Stopped Serial Getty on ttyS0.
[[0;32m  OK  [0m] Stopped Getty on tty1.
[[0;32m  OK  [0m] Stopped User Manager for UID 1000.
[[0;32m  OK  [0m] Stopped Session 2 of user vagrant.
[[0;32m  OK  [0m] Stopped D-Bus System Message Bus.
[[0;32m  OK  [0m] Stopped FUSE filesystem for LXC.
[[0;32m  OK  [0m] Stopped LXD - container startup/shutdown.
[[0;32m  OK  [0m] Stopped Virtualbox guest utils.
[[0;32m  OK  [0m] Stopped LSB: automatic crash report generation.
[[0;32m  OK  [0m] Removed slice User Slice of vagrant.
[[0;32m  OK  [0m] Removed slice system-getty.slice.
[[0;32m  OK  [0m] Stopped /etc/rc.local Compatibility.
         Stopping Permit User Sessions...
[[0;32m  OK  [0m] Removed slice system-serial\x2dgetty.slice.
         Stopping Login Service...
[[0;32m  OK  [0m] Stopped LSB: MD monitoring daemon.
[[0;32m  OK  [0m] Stopped LSB: daemon to balance interrupts for SMP systems.
[[0;32m  OK  [0m] Stopped LSB: Record successful boot for GRUB.
[[0;32m  OK  [0m] Stopped LSB: Set the CPU Frequency Scaling governor to "ondemand".
[[0;32m  OK  [0m] Stopped Permit User Sessions.
[[0;32m  OK  [0m] Stopped Login Service.
[[0;32m  OK  [0m] Stopped target User and Group Name Lookups.
[[0;32m  OK  [0m] Stopped LSB: Apache2 web server.
[[0;32m  OK  [0m] Stopped target Basic System.
[[0;32m  OK  [0m] Stopped target Sockets.
[[0;32m  OK  [0m] Closed Socket activation for snappy daemon.
[[0;32m  OK  [0m] Closed Syslog Socket.
[[0;32m  OK  [0m] Closed LXD - unix socket.
[[0;32m  OK  [0m] Closed ACPID Listen Socket.
[[0;32m  OK  [0m] Closed UUID daemon activation socket.
[[0;32m  OK  [0m] Closed D-Bus System Message Bus Socket.
[[0;32m  OK  [0m] Stopped target Paths.
[[0;32m  OK  [0m] Stopped Forward Password Requests to Wall Directory Watch.
[[0;32m  OK  [0m] Stopped ACPI Events Check.
[[0;32m  OK  [0m] Stopped Dispatch Password Requests to Console Directory Watch.
[[0;32m  OK  [0m] Stopped target Slices.
[[0;32m  OK  [0m] Removed slice User and Session Slice.
[[0;32m  OK  [0m] Stopped target System Initialization.
         Stopping Load/Save Random Seed...
[[0;32m  OK  [0m] Stopped target Encrypted Volumes.
[[0;32m  OK  [0m] Stopped target Swap.
[[0;32m  OK  [0m] Stopped Create Volatile Files and Directories.
[[0;32m  OK  [0m] Stopped target Remote File Systems.
[[0;32m  OK  [0m] Stopped target Remote File Systems (Pre).
         Stopping Login to default iSCSI targets...
[[0;32m  OK  [0m] Stopped Load/Save Random Seed.
[[0;32m  OK  [0m] Stopped Login to default iSCSI targets.
         Stopping iSCSI initiator daemon (iscsid)...
[[0;32m  OK  [0m] Stopped iSCSI initiator daemon (iscsid).
[[0;32m  OK  [0m] Stopped target Network is Online.
[[0;32m  OK  [0m] Stopped Initial cloud-init job (metadata service crawler).
[[0;32m  OK  [0m] Stopped target Network.
         Stopping Raise network interfaces...
[[0;32m  OK  [0m] Stopped Raise network interfaces.
[[0;32m  OK  [0m] Stopped target Network (Pre).
[[0;32m  OK  [0m] Stopped Initial cloud-init job (pre-networking).
[[0;32m  OK  [0m] Stopped target Local File Systems.
         Unmounting /run/user/1000...
         Unmounting /vagrant...
[[0;32m  OK  [0m] Stopped Apply Kernel Variables.
[[0;32m  OK  [0m] Stopped Load Kernel Modules.
[[0;32m  OK  [0m] Unmounted /run/user/1000.
[[0;32m  OK  [0m] Unmounted /vagrant.
[[0;32m  OK  [0m] Reached target Unmount All Filesystems.
[[0;32m  OK  [0m] Stopped target Local File Systems (Pre).
[[0;32m  OK  [0m] Stopped Create Static Device Nodes in /dev.
         Stopping Monitoring of LVM2 mirrors... dmeventd or progress polling...
[[0;32m  OK  [0m] Stopped Remount Root and Kernel File Systems.
[[0;32m  OK  [0m] Reached target Shutdown.
[  131.938310] reboot: Power down
[0;32m  OK  [0m] Stopped Initial cloud-init job (metadata service crawler).
[[0;32m  OK  [0m] Stopped target Network.
         Stopping Raise network interfaces...
[[0;32m  OK  [0m] Stopped Raise network interfaces.
[[0;32m  OK  [0m] Stopped target Network (Pre).
[[0;32m  OK  [0m] Stopped Initial cloud-init job (pre-networking).
[[0;32m  OK  [0m] Stopped target Local File Systems.
         Unmounting /run/user/1000...
         Unmounting /vagrant...
[[0;32m  OK  [0m] Stopped Apply Kernel Variables.
[[0;32m  OK  [0m] Stopped Load Kernel Modules.
[[0;32m  OK  [0m] Unmounted /run/user/1000.
[[0;32m  OK  [0m] Unmounted /vagrant.
[[0;32m  OK  [0m] Reached target Unmount All Filesystems.
[[0;32m  OK  [0m] Stopped target Local File Systems (Pre).
         Stopping Monitoring of LVM2 mirrors... dmeventd or progress polling...
[[0;32m  OK  [0m] Stopped Create Static Device Nodes in /dev.
[[0;32m  OK  [0m] Stopped Remount Root and Kernel File Systems.
[[0;32m  OK  [0m] Reached target Shutdown.
[   98.594446] reboot: Power down
